2025-08-12 19:43:34,433:433.__main__.INFO:Setup logger
2025-08-12 19:43:34,454:454.root.INFO:Discovering FSP
2025-08-12 19:43:34,456:456.rfg.io.uart.INFO:Opened Serial port /dev/ttyUSB1 with baud 921600 bps
2025-08-12 19:43:34,456:456.__main__.INFO:Opened FPGA, testing...
2025-08-12 19:43:34,466:466.__main__.INFO:FPGA test successful.
2025-08-12 19:43:34,608:608.drivers.astropix.asic.INFO:astropix3  Configuration file with 4 chips found!
2025-08-12 19:43:34,608:608.drivers.astropix.asic.INFO:astropix3 Number of chips in chain: 4 
2025-08-12 19:43:34,608:608.drivers.astropix.asic.INFO:astropix3 matrix dimensions found!
2025-08-12 19:43:34,608:608.drivers.astropix.asic.INFO:Chain chip_0 config found!
2025-08-12 19:43:34,608:608.drivers.astropix.asic.INFO:Chain chip_1 config found!
2025-08-12 19:43:34,608:608.drivers.astropix.asic.INFO:Chain chip_2 config found!
2025-08-12 19:43:34,608:608.drivers.astropix.asic.INFO:Chain chip_3 config found!
2025-08-12 19:43:34,608:608.__main__.INFO:1 ASIC drivers instanciated.
2025-08-12 19:43:34,738:738.__main__.INFO:[00.0 s] buff=0000 status: 0=01-000111-0000 1=01-000111-0000 2=01-000111-0000
2025-08-12 19:43:35,346:346.drivers.astropix.asic.INFO:Writing Chunck 1/1 len=13
2025-08-12 19:43:35,397:397.drivers.astropix.asic.INFO:Writing Chunck 1/7 len=256
2025-08-12 19:43:35,474:474.drivers.astropix.asic.INFO:Writing Chunck 2/7 len=256
2025-08-12 19:43:35,554:554.drivers.astropix.asic.INFO:Writing Chunck 3/7 len=256
2025-08-12 19:43:35,634:634.drivers.astropix.asic.INFO:Writing Chunck 4/7 len=256
2025-08-12 19:43:35,714:714.drivers.astropix.asic.INFO:Writing Chunck 5/7 len=256
2025-08-12 19:43:35,794:794.drivers.astropix.asic.INFO:Writing Chunck 6/7 len=256
2025-08-12 19:43:35,874:874.drivers.astropix.asic.INFO:Writing Chunck 7/7 len=32
2025-08-12 19:43:35,987:987.drivers.astropix.asic.INFO:Writing Chunck 1/7 len=256
2025-08-12 19:43:36,066:66.drivers.astropix.asic.INFO:Writing Chunck 2/7 len=256
2025-08-12 19:43:36,146:146.drivers.astropix.asic.INFO:Writing Chunck 3/7 len=256
2025-08-12 19:43:36,226:226.drivers.astropix.asic.INFO:Writing Chunck 4/7 len=256
2025-08-12 19:43:36,306:306.drivers.astropix.asic.INFO:Writing Chunck 5/7 len=256
2025-08-12 19:43:36,386:386.drivers.astropix.asic.INFO:Writing Chunck 6/7 len=256
2025-08-12 19:43:36,466:466.drivers.astropix.asic.INFO:Writing Chunck 7/7 len=32
2025-08-12 19:43:36,582:582.drivers.astropix.asic.INFO:Writing Chunck 1/7 len=256
2025-08-12 19:43:36,658:658.drivers.astropix.asic.INFO:Writing Chunck 2/7 len=256
2025-08-12 19:43:36,738:738.drivers.astropix.asic.INFO:Writing Chunck 3/7 len=256
2025-08-12 19:43:36,818:818.drivers.astropix.asic.INFO:Writing Chunck 4/7 len=256
2025-08-12 19:43:36,898:898.drivers.astropix.asic.INFO:Writing Chunck 5/7 len=256
2025-08-12 19:43:36,978:978.drivers.astropix.asic.INFO:Writing Chunck 6/7 len=256
2025-08-12 19:43:37,058:58.drivers.astropix.asic.INFO:Writing Chunck 7/7 len=32
2025-08-12 19:43:37,171:171.drivers.astropix.asic.INFO:Writing Chunck 1/7 len=256
2025-08-12 19:43:37,250:250.drivers.astropix.asic.INFO:Writing Chunck 2/7 len=256
2025-08-12 19:43:37,330:330.drivers.astropix.asic.INFO:Writing Chunck 3/7 len=256
2025-08-12 19:43:37,410:410.drivers.astropix.asic.INFO:Writing Chunck 4/7 len=256
2025-08-12 19:43:37,490:490.drivers.astropix.asic.INFO:Writing Chunck 5/7 len=256
2025-08-12 19:43:37,570:570.drivers.astropix.asic.INFO:Writing Chunck 6/7 len=256
2025-08-12 19:43:37,650:650.drivers.astropix.asic.INFO:Writing Chunck 7/7 len=32
2025-08-12 19:43:37,746:746.__main__.INFO:Flush chips before data collection
2025-08-12 19:43:37,778:778.__main__.INFO:interrupt low
2025-08-12 19:43:37,826:826.__main__.INFO:interrupt low
2025-08-12 19:43:37,890:890.__main__.INFO:Flush FPGA buffer before data collection
2025-08-12 19:44:38,124:124.__main__.INFO:[0.029 s] buff=0000 status: 0=01-001000-0162 1=01-010100-0000 2=01-010100-0000
2025-08-12 19:44:38,172:172.rfg.io.uart.INFO:Closing Serial Port
2025-08-12 19:44:38,289:289.rfg.io.uart.INFO:Closing Serial Port
